Traceback (most recent call last):
  File "C:\Users\16891\AppData\Roaming\uv\python\cpython-3.11-windows-x86_64-none\Lib\asyncio\windows_events.py", line 494, in finish_recv
    return ov.getresult()
           ^^^^^^^^^^^^^^
OSError: [WinError 64] 指定的网络名不再可用。

During handling of the above exception, another exception occurred:

Traceback (most recent call last):
  File "C:\Users\16891\AppData\Roaming\uv\python\cpython-3.11-windows-x86_64-none\Lib\asyncio\proactor_events.py", line 286, in _loop_reading
    length = fut.result()
             ^^^^^^^^^^^^
  File "C:\Users\16891\AppData\Roaming\uv\python\cpython-3.11-windows-x86_64-none\Lib\asyncio\windows_events.py", line 854, in _poll
    value = callback(transferred, key, ov)
            ^^^^^^^^^^^^^^^^^^^^^^^^^^^^^^
  File "C:\Users\16891\AppData\Roaming\uv\python\cpython-3.11-windows-x86_64-none\Lib\asyncio\windows_events.py", line 498, in finish_recv
    raise ConnectionResetError(*exc.args)
ConnectionResetError: [WinError 64] 指定的网络名不再可用。

The above exception was the direct cause of the following exception:

Traceback (most recent call last):
  File "D:\CPQ_Platform_V1\backend\scripts\e2e_skill.py", line 300, in <module>
    main()
  File "D:\CPQ_Platform_V1\backend\scripts\e2e_skill.py", line 272, in main
    result = loop.run_until_complete(runner.turn(text=text, picks=picks))
             ^^^^^^^^^^^^^^^^^^^^^^^^^^^^^^^^^^^^^^^^^^^^^^^^^^^^^^^^^^^^
  File "C:\Users\16891\AppData\Roaming\uv\python\cpython-3.11-windows-x86_64-none\Lib\asyncio\base_events.py", line 654, in run_until_complete
    return future.result()
           ^^^^^^^^^^^^^^^
  File "D:\CPQ_Platform_V1\backend\scripts\e2e_skill.py", line 121, in turn
    raw = await asyncio.wait_for(ws.recv(), timeout=5)
          ^^^^^^^^^^^^^^^^^^^^^^^^^^^^^^^^^^^^^^^^^^^^
  File "C:\Users\16891\AppData\Roaming\uv\python\cpython-3.11-windows-x86_64-none\Lib\asyncio\tasks.py", line 489, in wait_for
    return fut.result()
           ^^^^^^^^^^^^
  File "D:\CPQ_Platform_V1\backend\.venv\Lib\site-packages\websockets\asyncio\connection.py", line 316, in recv
    raise self.protocol.close_exc from self.recv_exc
websockets.exceptions.ConnectionClosedError: received 1012 (service restart); then sent 1012 (service restart)
